(2, 1) => value1: 2, value2: 1
(2, 3) => value1: 2, value2: 3
(2, 5) => value1: 2, value2: 5
(2, 7) => value1: 2, value2: 7
(2, 9) => value1: 2, value2: 9
(4, 1) => value1: 4, value2: 1
(4, 3) => value1: 4, value2: 3
(4, 5) => value1: 4, value2: 5
(4, 7) => value1: 4, value2: 7
(4, 9) => value1: 4, value2: 9
(6, 1) => value1: 6, value2: 1
(6, 3) => value1: 6, value2: 3
(6, 5) => value1: 6, value2: 5
(6, 7) => value1: 6, value2: 7
(6, 9) => value1: 6, value2: 9
(8, 1) => value1: 8, value2: 1
(8, 3) => value1: 8, value2: 3
(8, 5) => value1: 8, value2: 5
(8, 7) => value1: 8, value2: 7
(8, 9) => value1: 8, value2: 9
(10, 1) => value1: 10, value2: 1
(10, 3) => value1: 10, value2: 3
(10, 5) => value1: 10, value2: 5
(10, 7) => value1: 10, value2: 7
(10, 9) => value1: 10, value2: 9

