(1993) => False
(1992) => True
(1900) => False
(2000) => True

