args: (1993,) => False
args: (1992,) => True
args: (1900,) => False
args: (2000,) => True
